python : Python 
At line:1 char:59
+ ... xt.Encoding]::UTF8; python check_compile.py > compile_output.txt 2>&1
+                         ~~~~~~~~~~~~~~~~~~~~~~~~~~~~~~~~~~~~~~~~~~~~~~~~~
    + CategoryInfo          : NotSpecified: (Python :String) [], RemoteException
    + FullyQualifiedErrorId : NativeCommandError
 
